// Jest Snapshot v1, https://goo.gl/fbAQLP

exports[`SignUp should render correctly in "debug" mode 1`] = `
<div>
  <div
    className="web"
  >
    <div
      className="loginBody"
    >
      <div
        className="login-page"
      >
        <h1
          style={
            Object {
              "color": "whitesmoke",
              "fontSize": "36px",
              "fontWeight": "bold",
              "textAlign": "center",
            }
          }
        >
          Register
        </h1>
        <div
          className="signUpForm"
        >
          <FormWeb
            loading={false}
            onFinish={[Function]}
            onFinishFailed={[Function]}
            setLoading={[Function]}
          />
        </div>
      </div>
    </div>
  </div>
  <div
    className="mobile"
  >
    <FormMobile
      onFinish={[Function]}
      onFinishFailed={[Function]}
    />
  </div>
</div>
`;
